// Jest Snapshot v1, https://goo.gl/fbAQLP

exports[`matches snapshot 1`] = `
<DocumentFragment>
  <div
    class="QuestionBoxAudience"
  >
    <div />
    <div
      class="q-bounder"
    >
      <div>
        Have a question for the presenter? Ask away!
      </div>
      <button
        class="present-choice-btn-2"
        id="have-q"
      >
        I have a question!
      </button>
    </div>
  </div>
</DocumentFragment>
`;
