// Jest Snapshot v1, https://goo.gl/fbAQLP

exports[`matches snapshot 1`] = `
<DocumentFragment>
  <div
    class="PresentVsAudienceForm"
  >
    Are you the Presenter or the Audience?
    <div
      class="major-choice-2"
    >
      <button
        class="major-choice-btn"
      >
        I Am The Presenter
      </button>
      <button
        class="major-choice-btn"
      >
        I Am Amongst The Audience
      </button>
    </div>
  </div>
</DocumentFragment>
`;
