// Jest Snapshot v1, https://goo.gl/fbAQLP

exports[`matches snapshot 1`] = `
<DocumentFragment>
  <div
    class="BenchmarkList"
  >
    Empty Benchmark List
  </div>
</DocumentFragment>
`;
