// Jest Snapshot v1, https://goo.gl/fbAQLP

exports[`matches snapshot 1`] = `
<DocumentFragment>
  <div
    class="VideoBox"
  >
    <div
      class="Video"
    />
  </div>
</DocumentFragment>
`;
